---
http_interactions:
- request:
    method: get
    uri: https://trello.com/1/boards/some_board_id
    body:
      encoding: US-ASCII
      string: ''
    headers:
      User-Agent:
      - Faraday v0.9.2
      Authorization:
      - OAuth oauth_consumer_key="5418d979bf4121eb1d1db52384d0e8f6", oauth_nonce="c9044c1effc4edcb7b6fb8adbac268b9",
        oauth_signature="hILXRQDE3My9lT4Y6BALna3j7V8%3D", oauth_signature_method="HMAC-SHA1",
        oauth_timestamp="1452627909", oauth_token="95c590519e0dbc29dc412d76f8a9f969c39398d3ddcd2e8900b2e200480fd504",
        oauth_version="1.0"
  response:
    status:
      code: 200
      message: 
    headers:
      cache-control:
      - max-age=0, must-revalidate, no-cache, no-store
      x-content-type-options:
      - nosniff
      strict-transport-security:
      - max-age=15768000
      x-xss-protection:
      - 1; mode=block
      x-frame-options:
      - DENY
      x-trello-version:
      - 1.559.0
      x-trello-environment:
      - Production
      set-cookie:
      - dsc=576ac360f8d0a8b9190519d556fb7ff49c3f4a9c0e407ddbe7fd17103d3dfac3; Path=/;
        Expires=Fri, 15 Jan 2016 19:45:09 GMT; Secure, visid_incap_168551=oG8eGiP0TP61VoLkRgx3W8VXlVYAAAAAQUIPAAAAAACvqh1JBsssKVnUQiHs1Ldd;
        expires=Thu, 11 Jan 2018 14:06:48 GMT; path=/; Domain=.trello.com, incap_ses_227_168551=UZz1FwRtOmUaljjbbHgmA8VXlVYAAAAAK9U2tUfUfWJFqDBwDvg/Dw==;
        path=/; Domain=.trello.com
      access-control-allow-origin:
      - "*"
      access-control-allow-methods:
      - GET, PUT, POST, DELETE
      x-server-time:
      - '1452627909931'
      expires:
      - Thu, 01 Jan 1970 00:00:00
      x-trello-index-last-update:
      - '63'
      content-type:
      - application/json; charset=utf-8
      content-length:
      - '752'
      etag:
      - W/"2f0-6e39b37c"
      vary:
      - Accept-Encoding
      date:
      - Tue, 12 Jan 2016 19:45:09 GMT
      connection:
      - close
      x-iinfo:
      - 7-28999727-28999728 NNNN CT(64 65 0) RT(1452627909524 11) q(0 0 1 -1) r(2
        2) U16
      x-cdn:
      - Incapsula
    body:
      encoding: UTF-8
      string: '{"id":"some_board_id","name":"A Board Name","desc":"","descData":null,"closed":false,"idOrganization":null,"pinned":false,"url":"https://trello.com/b/kyjx2Y7H/hiring","shortUrl":"https://trello.com/b/kyjx2Y7H","prefs":{"permissionLevel":"private","voting":"disabled","comments":"members","invitations":"members","selfJoin":false,"cardCovers":true,"cardAging":"regular","calendarFeedEnabled":false,"background":"blue","backgroundColor":"#0079BF","backgroundImage":null,"backgroundImageScaled":null,"backgroundTile":false,"backgroundBrightness":"unknown","canBePublic":true,"canBeOrg":true,"canBePrivate":true,"canInvite":true},"labelNames":{"green":"","yellow":"","orange":"","red":"","purple":"","blue":"","sky":"","lime":"","pink":"","black":""}}'
    http_version: 
  recorded_at: Tue, 12 Jan 2016 19:45:09 GMT
- request:
    method: get
    uri: https://trello.com/1/boards/some_board_id/cards
    body:
      encoding: US-ASCII
      string: ''
    headers:
      User-Agent:
      - Faraday v0.9.2
      Authorization:
      - OAuth oauth_consumer_key="5418d979bf4121eb1d1db52384d0e8f6", oauth_nonce="8ff880493cd26e9a77427b95ba41dfef",
        oauth_signature="RWCgOK9nqvGOdDa%2FIo69OXO2Bb0%3D", oauth_signature_method="HMAC-SHA1",
        oauth_timestamp="1452628587", oauth_token="95c590519e0dbc29dc412d76f8a9f969c39398d3ddcd2e8900b2e200480fd504",
        oauth_version="1.0"
  response:
    status:
      code: 200
      message: 
    headers:
      cache-control:
      - max-age=0, must-revalidate, no-cache, no-store
      x-content-type-options:
      - nosniff
      strict-transport-security:
      - max-age=15768000
      x-xss-protection:
      - 1; mode=block
      x-frame-options:
      - DENY
      x-trello-version:
      - 1.559.0
      x-trello-environment:
      - Production
      set-cookie:
      - dsc=8c6c116540697446297b4f4f8908ded1d510854ba388f0401adf442186c2996d; Path=/;
        Expires=Fri, 15 Jan 2016 19:56:27 GMT; Secure, visid_incap_168551=Fn2spR7LTZGaLzhe92Br9GtalVYAAAAAQUIPAAAAAABWcJmqUCF6gWIATieWgl9/;
        expires=Thu, 11 Jan 2018 14:06:48 GMT; path=/; Domain=.trello.com, incap_ses_227_168551=yLxhZ31VaACsajzbbHgmA2talVYAAAAAbc3WPbb34srXIuCAOkRulg==;
        path=/; Domain=.trello.com
      access-control-allow-origin:
      - "*"
      access-control-allow-methods:
      - GET, PUT, POST, DELETE
      x-server-time:
      - '1452628587936'
      expires:
      - Thu, 01 Jan 1970 00:00:00
      content-type:
      - application/json; charset=utf-8
      etag:
      - W/"h2xlF/S1h2zAnz/13ffypw=="
      vary:
      - Accept-Encoding
      date:
      - Tue, 12 Jan 2016 19:56:27 GMT
      connection:
      - close
      transfer-encoding:
      - chunked
      x-iinfo:
      - 8-41318149-41318152 NNNN CT(88 94 0) RT(1452628587446 12) q(0 0 2 0) r(3 3)
        U16
      x-cdn:
      - Incapsula
    body:
      encoding: ASCII-8BIT
      string: '[{"id":"5694509d505786bb0da037b2","checkItemStates":[],"closed":false,"dateLastActivity":"2016-01-12T01:02:21.331Z","desc":"","descData":null,"idBoard":"56903b47301bbf79e2a0b62d","idList":"56903b5cf8dde35f827c63ae","idMembersVoted":[],"idShort":6,"idAttachmentCover":null,"manualCoverAttachment":false,"idLabels":[],"name":"Alice","pos":65535,"shortLink":"1XqxfHhc","badges":{"votes":0,"viewingMemberVoted":false,"subscribed":false,"fogbugz":"","checkItems":0,"checkItemsChecked":0,"comments":0,"attachments":0,"description":false,"due":null},"due":null,"email":"achen_pivotal+568eb22b4f2a9c123db4f2d3+5694509d505786bb0da037b2+dde2a38eed762bd5c22911e3299ed477dff50509@boards.trello.com","idChecklists":[],"idMembers":[],"labels":[],"shortUrl":"https://trello.com/c/1XqxfHhc","subscribed":false,"url":"https://trello.com/c/1XqxfHhc/6-kurtis-seebaldt"},{"id":"56944ecb0fbae97e72787568","checkItemStates":[],"closed":false,"dateLastActivity":"2016-01-12T01:00:05.733Z","desc":"","descData":null,"idBoard":"56903b47301bbf79e2a0b62d","idList":"56903b61281e96dd0ae060f2","idMembersVoted":[],"idShort":4,"idAttachmentCover":null,"manualCoverAttachment":false,"idLabels":[],"name":"Bob","pos":131071,"shortLink":"Dln2zB3R","badges":{"votes":0,"viewingMemberVoted":false,"subscribed":false,"fogbugz":"","checkItems":0,"checkItemsChecked":0,"comments":0,"attachments":0,"description":false,"due":null},"due":null,"email":"achen_pivotal+568eb22b4f2a9c123db4f2d3+56944ecb0fbae97e72787568+44a1e183766eb09d5e7e580da1fe14fcd5b01595@boards.trello.com","idChecklists":[],"idMembers":[],"labels":[],"shortUrl":"https://trello.com/c/Dln2zB3R","subscribed":false,"url":"https://trello.com/c/Dln2zB3R/4-augustus-lidaka"},{"id":"56944eb03f9eb44a94d7adb7","checkItemStates":[],"closed":false,"dateLastActivity":"2016-01-12T01:00:28.321Z","desc":"","descData":null,"idBoard":"56903b47301bbf79e2a0b62d","idList":"56903b61281e96dd0ae060f2","idMembersVoted":[],"idShort":3,"idAttachmentCover":null,"manualCoverAttachment":false,"idLabels":[],"name":"Mallory","pos":196607,"shortLink":"hedFBtH4","badges":{"votes":0,"viewingMemberVoted":false,"subscribed":false,"fogbugz":"","checkItems":0,"checkItemsChecked":0,"comments":0,"attachments":0,"description":false,"due":null},"due":null,"email":"achen_pivotal+568eb22b4f2a9c123db4f2d3+56944eb03f9eb44a94d7adb7+81f01d0ed0405688603b5652931f8d7736a65df5@boards.trello.com","idChecklists":[],"idMembers":[],"labels":[],"shortUrl":"https://trello.com/c/hedFBtH4","subscribed":false,"url":"https://trello.com/c/hedFBtH4/3-alpha-chen"},{"id":"5694504ff8cef4f106b85903","checkItemStates":[],"closed":false,"dateLastActivity":"2016-01-12T01:34:08.657Z","desc":"","descData":null,"idBoard":"56903b47301bbf79e2a0b62d","idList":"56903b64a1b0273e5061ed36","idMembersVoted":[],"idShort":5,"idAttachmentCover":null,"manualCoverAttachment":false,"idLabels":[],"name":"Smith","pos":163839,"shortLink":"9BILH14p","badges":{"votes":0,"viewingMemberVoted":false,"subscribed":false,"fogbugz":"","checkItems":0,"checkItemsChecked":0,"comments":0,"attachments":0,"description":false,"due":null},"due":null,"email":"achen_pivotal+568eb22b4f2a9c123db4f2d3+5694504ff8cef4f106b85903+7c720bad06c27debedb530993e0b34f5d35e43ed@boards.trello.com","idChecklists":[],"idMembers":[],"labels":[],"shortUrl":"https://trello.com/c/9BILH14p","subscribed":false,"url":"https://trello.com/c/9BILH14p/5-steve-gravrock"}]'
    http_version: 
  recorded_at: Tue, 12 Jan 2016 19:56:27 GMT
- request:
    method: get
    uri: https://trello.com/1/boards/some_board_id/lists
    body:
      encoding: US-ASCII
      string: ''
    headers:
      User-Agent:
      - Faraday v0.9.2
      Authorization:
      - OAuth oauth_consumer_key="5418d979bf4121eb1d1db52384d0e8f6", oauth_nonce="e632593b59cde9e314094b5dbfc6a24e",
        oauth_signature="9ChHlmtQjwvqeiBBOwptOrfQmeA%3D", oauth_signature_method="HMAC-SHA1",
        oauth_timestamp="1452636640", oauth_token="95c590519e0dbc29dc412d76f8a9f969c39398d3ddcd2e8900b2e200480fd504",
        oauth_version="1.0"
  response:
    status:
      code: 200
      message: 
    headers:
      cache-control:
      - max-age=0, must-revalidate, no-cache, no-store
      x-content-type-options:
      - nosniff
      strict-transport-security:
      - max-age=15768000
      x-xss-protection:
      - 1; mode=block
      x-frame-options:
      - DENY
      x-trello-version:
      - 1.559.0
      x-trello-environment:
      - Production
      set-cookie:
      - dsc=c03a2537af5f9f268e6f3efcf6544763ffd5af616a443c0273ffca4fb08c02b1; Path=/;
        Expires=Fri, 15 Jan 2016 22:10:41 GMT; Secure, visid_incap_168551=FsdPp1QISNSKo1Hh49jKs+B5lVYAAAAAQUIPAAAAAAAtJY64am5oXKeMTE3a33MO;
        expires=Thu, 11 Jan 2018 19:40:47 GMT; path=/; Domain=.trello.com, incap_ses_226_168551=cbdkdLWA3hdEHblNveoiA+B5lVYAAAAAf9LEYPIvdLb3+LLepzNMZg==;
        path=/; Domain=.trello.com
      access-control-allow-origin:
      - "*"
      access-control-allow-methods:
      - GET, PUT, POST, DELETE
      x-server-time:
      - '1452636641531'
      expires:
      - Thu, 01 Jan 1970 00:00:00
      content-type:
      - application/json; charset=utf-8
      content-length:
      - '440'
      etag:
      - W/"1b8-c80869c6"
      vary:
      - Accept-Encoding
      date:
      - Tue, 12 Jan 2016 22:10:41 GMT
      connection:
      - close
      x-iinfo:
      - 10-39385490-39385493 NNNN CT(73 153 0) RT(1452636640220 13) q(0 0 2 0) r(3
        3) U16
      x-cdn:
      - Incapsula
    body:
      encoding: UTF-8
      string: '[{"id":"56903b5cf8dde35f827c63ae","name":"Waiting for RPI","closed":false,"idBoard":"56903b47301bbf79e2a0b62d","pos":65535,"subscribed":false},{"id":"56903b61281e96dd0ae060f2","name":"Waiting
        for Interview","closed":false,"idBoard":"56903b47301bbf79e2a0b62d","pos":262143,"subscribed":false},{"id":"56903b64a1b0273e5061ed36","name":"Waiting
        for Decision","closed":false,"idBoard":"56903b47301bbf79e2a0b62d","pos":327679,"subscribed":false}]'
    http_version: 
  recorded_at: Tue, 12 Jan 2016 22:10:41 GMT
- request:
    method: get
    uri: https://trello.com/1/boards/some_board_id/actions
    body:
      encoding: US-ASCII
      string: ''
    headers:
      User-Agent:
      - Faraday v0.9.2
      Authorization:
      - OAuth oauth_consumer_key="5418d979bf4121eb1d1db52384d0e8f6", oauth_nonce="b4d1de7db98b177c8b9c4b2f3e3d8b2b",
        oauth_signature="%2B6AUnxtnE%2BJUIQ6i437%2FxqMc3TQ%3D", oauth_signature_method="HMAC-SHA1",
        oauth_timestamp="1452644133", oauth_token="95c590519e0dbc29dc412d76f8a9f969c39398d3ddcd2e8900b2e200480fd504",
        oauth_version="1.0"
  response:
    status:
      code: 200
      message: 
    headers:
      cache-control:
      - max-age=0, must-revalidate, no-cache, no-store
      x-content-type-options:
      - nosniff
      strict-transport-security:
      - max-age=15768000
      x-xss-protection:
      - 1; mode=block
      x-frame-options:
      - DENY
      x-trello-version:
      - 1.559.0
      x-trello-environment:
      - Production
      set-cookie:
      - dsc=0f77b5af3b2a56fe7d51159cfc48bdf713a6e41e8ad1702cd737d1628bca5924; Path=/;
        Expires=Sat, 16 Jan 2016 00:15:34 GMT; Secure, visid_incap_168551=+YaCrP6lTwqRW1I9o3aFxyWXlVYAAAAAQUIPAAAAAAAv8lUwfwbXxqFiDTjqmuXI;
        expires=Thu, 11 Jan 2018 19:40:47 GMT; path=/; Domain=.trello.com, incap_ses_226_168551=hTK9eVv78ndrxeFNveoiAyWXlVYAAAAAFCVQezIuKn75kUnqYVRU5w==;
        path=/; Domain=.trello.com
      access-control-allow-origin:
      - "*"
      access-control-allow-methods:
      - GET, PUT, POST, DELETE
      x-server-time:
      - '1452644134523'
      expires:
      - Thu, 01 Jan 1970 00:00:00
      content-type:
      - application/json; charset=utf-8
      etag:
      - W/"U4VYZGeQhKKp6nmBCiYNgw=="
      vary:
      - Accept-Encoding
      date:
      - Wed, 13 Jan 2016 00:15:34 GMT
      connection:
      - close
      transfer-encoding:
      - chunked
      x-iinfo:
      - 8-26163330-26163331 NNNN CT(85 86 0) RT(1452644133031 15) q(0 0 2 0) r(5 5)
        U16
      x-cdn:
      - Incapsula
    body:
      encoding: ASCII-8BIT
      string: '[{"id":"569578a63a291b2d4e19da79","idMemberCreator":"568eb22b4f2a9c123db4f2d3","data":{"board":{"shortLink":"kyjx2Y7H","name":"Hiring","id":"56903b47301bbf79e2a0b62d"},"list":{"name":"test
        list","id":"5695789d323b7e322e88ebf1","closed":true},"old":{"closed":false}},"type":"updateList","date":"2016-01-12T22:05:26.911Z","memberCreator":{"id":"568eb22b4f2a9c123db4f2d3","avatarHash":null,"fullName":"Alpha","initials":"A","username":"achen_pivotal"}},{"id":"5695789d323b7e322e88ebf2","idMemberCreator":"568eb22b4f2a9c123db4f2d3","data":{"board":{"shortLink":"kyjx2Y7H","name":"Hiring","id":"56903b47301bbf79e2a0b62d"},"list":{"name":"test
        list","id":"5695789d323b7e322e88ebf1"}},"type":"createList","date":"2016-01-12T22:05:17.691Z","memberCreator":{"id":"568eb22b4f2a9c123db4f2d3","avatarHash":null,"fullName":"Alpha","initials":"A","username":"achen_pivotal"}},{"id":"569578933afeda97faccd683","idMemberCreator":"568eb22b4f2a9c123db4f2d3","data":{"board":{"shortLink":"kyjx2Y7H","name":"Hiring","id":"56903b47301bbf79e2a0b62d"},"list":{"name":"new
        list","id":"56957890c6774c69117cc085","closed":true},"old":{"closed":false}},"type":"updateList","date":"2016-01-12T22:05:07.774Z","memberCreator":{"id":"568eb22b4f2a9c123db4f2d3","avatarHash":null,"fullName":"Alpha","initials":"A","username":"achen_pivotal"}},{"id":"56957890c6774c69117cc086","idMemberCreator":"568eb22b4f2a9c123db4f2d3","data":{"board":{"shortLink":"kyjx2Y7H","name":"Hiring","id":"56903b47301bbf79e2a0b62d"},"list":{"name":"new
        list","id":"56957890c6774c69117cc085"}},"type":"createList","date":"2016-01-12T22:05:04.620Z","memberCreator":{"id":"568eb22b4f2a9c123db4f2d3","avatarHash":null,"fullName":"Alpha","initials":"A","username":"achen_pivotal"}},{"id":"569577757d0c8794b7641e77","idMemberCreator":"568eb22b4f2a9c123db4f2d3","data":{"list":{"name":"Waiting
        for Interview","id":"56903b61281e96dd0ae060f2"},"board":{"shortLink":"kyjx2Y7H","name":"Hiring","id":"56903b47301bbf79e2a0b62d"},"card":{"shortLink":"hedFBtH4","idShort":3,"name":"Alpha
        Chen","id":"56944eb03f9eb44a94d7adb7","pos":65535.5},"old":{"pos":196607}},"type":"updateCard","date":"2016-01-12T22:00:21.878Z","memberCreator":{"id":"568eb22b4f2a9c123db4f2d3","avatarHash":null,"fullName":"Alpha","initials":"A","username":"achen_pivotal"}},{"id":"5695775a4bb4112b83f3bfce","idMemberCreator":"568eb22b4f2a9c123db4f2d3","data":{"listAfter":{"name":"Waiting
        for Decision","id":"56903b64a1b0273e5061ed36"},"listBefore":{"name":"Waiting
        for Interview","id":"56903b61281e96dd0ae060f2"},"board":{"shortLink":"kyjx2Y7H","name":"Hiring","id":"56903b47301bbf79e2a0b62d"},"card":{"shortLink":"Dln2zB3R","idShort":4,"name":"Augustus
        Lidaka","id":"56944ecb0fbae97e72787568","idList":"56903b64a1b0273e5061ed36"},"old":{"idList":"56903b61281e96dd0ae060f2"}},"type":"updateCard","date":"2016-01-12T21:59:54.055Z","memberCreator":{"id":"568eb22b4f2a9c123db4f2d3","avatarHash":null,"fullName":"Alpha","initials":"A","username":"achen_pivotal"}},{"id":"56957757e0d16e7a47f6458e","idMemberCreator":"568eb22b4f2a9c123db4f2d3","data":{"list":{"name":"Waiting
        for Interview","id":"56903b61281e96dd0ae060f2"},"board":{"shortLink":"kyjx2Y7H","name":"Hiring","id":"56903b47301bbf79e2a0b62d"},"card":{"shortLink":"9BILH14p","idShort":5,"name":"Steve
        Gravrock","id":"5694504ff8cef4f106b85903","pos":16383.875},"old":{"pos":163839}},"type":"updateCard","date":"2016-01-12T21:59:51.799Z","memberCreator":{"id":"568eb22b4f2a9c123db4f2d3","avatarHash":null,"fullName":"Alpha","initials":"A","username":"achen_pivotal"}},{"id":"56957757e0d16e7a47f6458d","idMemberCreator":"568eb22b4f2a9c123db4f2d3","data":{"listAfter":{"name":"Waiting
        for Interview","id":"56903b61281e96dd0ae060f2"},"listBefore":{"name":"Waiting
        for Decision","id":"56903b64a1b0273e5061ed36"},"board":{"shortLink":"kyjx2Y7H","name":"Hiring","id":"56903b47301bbf79e2a0b62d"},"card":{"shortLink":"9BILH14p","idShort":5,"name":"Steve
        Gravrock","id":"5694504ff8cef4f106b85903","idList":"56903b61281e96dd0ae060f2"},"old":{"idList":"56903b64a1b0273e5061ed36"}},"type":"updateCard","date":"2016-01-12T21:59:51.779Z","memberCreator":{"id":"568eb22b4f2a9c123db4f2d3","avatarHash":null,"fullName":"Alpha","initials":"A","username":"achen_pivotal"}},{"id":"569577559c36eec0aa2f17b1","idMemberCreator":"568eb22b4f2a9c123db4f2d3","data":{"list":{"name":"Waiting
        for Interview","id":"56903b61281e96dd0ae060f2"},"board":{"shortLink":"kyjx2Y7H","name":"Hiring","id":"56903b47301bbf79e2a0b62d"},"card":{"shortLink":"Dln2zB3R","idShort":4,"name":"Augustus
        Lidaka","id":"56944ecb0fbae97e72787568","pos":32767.75},"old":{"pos":131071}},"type":"updateCard","date":"2016-01-12T21:59:49.301Z","memberCreator":{"id":"568eb22b4f2a9c123db4f2d3","avatarHash":null,"fullName":"Alpha","initials":"A","username":"achen_pivotal"}},{"id":"5694581084ca824883a9e309","idMemberCreator":"568eb22b4f2a9c123db4f2d3","data":{"listAfter":{"name":"Waiting
        for Decision","id":"56903b64a1b0273e5061ed36"},"listBefore":{"name":"Waiting
        for Interview","id":"56903b61281e96dd0ae060f2"},"board":{"shortLink":"kyjx2Y7H","name":"Hiring","id":"56903b47301bbf79e2a0b62d"},"card":{"shortLink":"9BILH14p","idShort":5,"name":"Steve
        Gravrock","id":"5694504ff8cef4f106b85903","idList":"56903b64a1b0273e5061ed36"},"old":{"idList":"56903b61281e96dd0ae060f2"}},"type":"updateCard","date":"2016-01-12T01:34:08.664Z","memberCreator":{"id":"568eb22b4f2a9c123db4f2d3","avatarHash":null,"fullName":"Alpha","initials":"A","username":"achen_pivotal"}},{"id":"5694509d505786bb0da037b3","idMemberCreator":"568eb22b4f2a9c123db4f2d3","data":{"board":{"shortLink":"kyjx2Y7H","name":"Hiring","id":"56903b47301bbf79e2a0b62d"},"list":{"name":"Waiting
        for RPI","id":"56903b5cf8dde35f827c63ae"},"card":{"shortLink":"1XqxfHhc","idShort":6,"name":"Kurtis
        Seebaldt","id":"5694509d505786bb0da037b2"}},"type":"createCard","date":"2016-01-12T01:02:21.340Z","memberCreator":{"id":"568eb22b4f2a9c123db4f2d3","avatarHash":null,"fullName":"Alpha","initials":"A","username":"achen_pivotal"}},{"id":"56945051f51dbe6146c8b4b2","idMemberCreator":"568eb22b4f2a9c123db4f2d3","data":{"list":{"name":"Waiting
        for Interview","id":"56903b61281e96dd0ae060f2"},"board":{"shortLink":"kyjx2Y7H","name":"Hiring","id":"56903b47301bbf79e2a0b62d"},"card":{"shortLink":"9BILH14p","idShort":5,"name":"Steve
        Gravrock","id":"5694504ff8cef4f106b85903","pos":163839},"old":{"pos":65535}},"type":"updateCard","date":"2016-01-12T01:01:05.599Z","memberCreator":{"id":"568eb22b4f2a9c123db4f2d3","avatarHash":null,"fullName":"Alpha","initials":"A","username":"achen_pivotal"}},{"id":"56945051f51dbe6146c8b4b1","idMemberCreator":"568eb22b4f2a9c123db4f2d3","data":{"listAfter":{"name":"Waiting
        for Interview","id":"56903b61281e96dd0ae060f2"},"listBefore":{"name":"Waiting
        for RPI","id":"56903b5cf8dde35f827c63ae"},"board":{"shortLink":"kyjx2Y7H","name":"Hiring","id":"56903b47301bbf79e2a0b62d"},"card":{"shortLink":"9BILH14p","idShort":5,"name":"Steve
        Gravrock","id":"5694504ff8cef4f106b85903","idList":"56903b61281e96dd0ae060f2"},"old":{"idList":"56903b5cf8dde35f827c63ae"}},"type":"updateCard","date":"2016-01-12T01:01:05.579Z","memberCreator":{"id":"568eb22b4f2a9c123db4f2d3","avatarHash":null,"fullName":"Alpha","initials":"A","username":"achen_pivotal"}},{"id":"5694504ff8cef4f106b85904","idMemberCreator":"568eb22b4f2a9c123db4f2d3","data":{"board":{"shortLink":"kyjx2Y7H","name":"Hiring","id":"56903b47301bbf79e2a0b62d"},"list":{"name":"Waiting
        for RPI","id":"56903b5cf8dde35f827c63ae"},"card":{"shortLink":"9BILH14p","idShort":5,"name":"Steve
        Gravrock","id":"5694504ff8cef4f106b85903"}},"type":"createCard","date":"2016-01-12T01:01:03.126Z","memberCreator":{"id":"568eb22b4f2a9c123db4f2d3","avatarHash":null,"fullName":"Alpha","initials":"A","username":"achen_pivotal"}},{"id":"5694502cda936aa3f9006593","idMemberCreator":"568eb22b4f2a9c123db4f2d3","data":{"list":{"name":"Waiting
        for Interview","id":"56903b61281e96dd0ae060f2"},"board":{"shortLink":"kyjx2Y7H","name":"Hiring","id":"56903b47301bbf79e2a0b62d"},"card":{"shortLink":"hedFBtH4","idShort":3,"name":"Alpha
        Chen","id":"56944eb03f9eb44a94d7adb7","pos":196607},"old":{"pos":65535}},"type":"updateCard","date":"2016-01-12T01:00:28.326Z","memberCreator":{"id":"568eb22b4f2a9c123db4f2d3","avatarHash":null,"fullName":"Alpha","initials":"A","username":"achen_pivotal"}},{"id":"569450263eba193dc11b131c","idMemberCreator":"568eb22b4f2a9c123db4f2d3","data":{"listAfter":{"name":"Waiting
        for Interview","id":"56903b61281e96dd0ae060f2"},"listBefore":{"name":"Waiting
        for RPI","id":"56903b5cf8dde35f827c63ae"},"board":{"shortLink":"kyjx2Y7H","name":"Hiring","id":"56903b47301bbf79e2a0b62d"},"card":{"shortLink":"hedFBtH4","idShort":3,"name":"Alpha
        Chen","id":"56944eb03f9eb44a94d7adb7","idList":"56903b61281e96dd0ae060f2"},"old":{"idList":"56903b5cf8dde35f827c63ae"}},"type":"updateCard","date":"2016-01-12T01:00:22.688Z","memberCreator":{"id":"568eb22b4f2a9c123db4f2d3","avatarHash":null,"fullName":"Alpha","initials":"A","username":"achen_pivotal"}},{"id":"56945015c40b9224d0e13d80","idMemberCreator":"568eb22b4f2a9c123db4f2d3","data":{"listAfter":{"name":"Waiting
        for Interview","id":"56903b61281e96dd0ae060f2"},"listBefore":{"name":"Waiting
        for RPI","id":"56903b5cf8dde35f827c63ae"},"board":{"shortLink":"kyjx2Y7H","name":"Hiring","id":"56903b47301bbf79e2a0b62d"},"card":{"shortLink":"Dln2zB3R","idShort":4,"name":"Augustus
        Lidaka","id":"56944ecb0fbae97e72787568","idList":"56903b61281e96dd0ae060f2"},"old":{"idList":"56903b5cf8dde35f827c63ae"}},"type":"updateCard","date":"2016-01-12T01:00:05.737Z","memberCreator":{"id":"568eb22b4f2a9c123db4f2d3","avatarHash":null,"fullName":"Alpha","initials":"A","username":"achen_pivotal"}},{"id":"56944f414062361e235e27e0","idMemberCreator":"568eb22b4f2a9c123db4f2d3","data":{"board":{"shortLink":"kyjx2Y7H","name":"Hiring","id":"56903b47301bbf79e2a0b62d"},"list":{"name":"Waiting
        for Decision","id":"56903b64a1b0273e5061ed36","pos":327679},"old":{"pos":163839}},"type":"updateList","date":"2016-01-12T00:56:33.011Z","memberCreator":{"id":"568eb22b4f2a9c123db4f2d3","avatarHash":null,"fullName":"Alpha","initials":"A","username":"achen_pivotal"}},{"id":"56944f37ca2865d429a1613f","idMemberCreator":"568eb22b4f2a9c123db4f2d3","data":{"board":{"shortLink":"kyjx2Y7H","name":"Hiring","id":"56903b47301bbf79e2a0b62d"},"list":{"name":"Waiting
        for Decision","id":"56903b64a1b0273e5061ed36","pos":163839},"old":{"pos":327679}},"type":"updateList","date":"2016-01-12T00:56:23.069Z","memberCreator":{"id":"568eb22b4f2a9c123db4f2d3","avatarHash":null,"fullName":"Alpha","initials":"A","username":"achen_pivotal"}},{"id":"56944f1ce96544835c0eb7f1","idMemberCreator":"568eb22b4f2a9c123db4f2d3","data":{"board":{"shortLink":"kyjx2Y7H","name":"Hiring","id":"56903b47301bbf79e2a0b62d"},"list":{"name":"Waiting
        for Decision","id":"56903b64a1b0273e5061ed36","pos":327679},"old":{"pos":196607}},"type":"updateList","date":"2016-01-12T00:55:56.970Z","memberCreator":{"id":"568eb22b4f2a9c123db4f2d3","avatarHash":null,"fullName":"Alpha","initials":"A","username":"achen_pivotal"}},{"id":"56944f17e2f6ce5083335619","idMemberCreator":"568eb22b4f2a9c123db4f2d3","data":{"board":{"shortLink":"kyjx2Y7H","name":"Hiring","id":"56903b47301bbf79e2a0b62d"},"list":{"name":"Waiting
        for Interview","id":"56903b61281e96dd0ae060f2","pos":262143},"old":{"pos":131071}},"type":"updateList","date":"2016-01-12T00:55:51.314Z","memberCreator":{"id":"568eb22b4f2a9c123db4f2d3","avatarHash":null,"fullName":"Alpha","initials":"A","username":"achen_pivotal"}},{"id":"56944ecb0fbae97e72787569","idMemberCreator":"568eb22b4f2a9c123db4f2d3","data":{"board":{"shortLink":"kyjx2Y7H","name":"Hiring","id":"56903b47301bbf79e2a0b62d"},"list":{"name":"Waiting
        for RPI","id":"56903b5cf8dde35f827c63ae"},"card":{"shortLink":"Dln2zB3R","idShort":4,"name":"Augustus
        Lidaka","id":"56944ecb0fbae97e72787568"}},"type":"createCard","date":"2016-01-12T00:54:35.231Z","memberCreator":{"id":"568eb22b4f2a9c123db4f2d3","avatarHash":null,"fullName":"Alpha","initials":"A","username":"achen_pivotal"}},{"id":"56944eb03f9eb44a94d7adb8","idMemberCreator":"568eb22b4f2a9c123db4f2d3","data":{"board":{"shortLink":"kyjx2Y7H","name":"Hiring","id":"56903b47301bbf79e2a0b62d"},"list":{"name":"Waiting
        for RPI","id":"56903b5cf8dde35f827c63ae"},"card":{"shortLink":"hedFBtH4","idShort":3,"name":"Alpha
        Chen","id":"56944eb03f9eb44a94d7adb7"}},"type":"createCard","date":"2016-01-12T00:54:08.460Z","memberCreator":{"id":"568eb22b4f2a9c123db4f2d3","avatarHash":null,"fullName":"Alpha","initials":"A","username":"achen_pivotal"}},{"id":"56944e8afecc4d88235b5bd7","idMemberCreator":"568eb22b4f2a9c123db4f2d3","data":{"board":{"shortLink":"kyjx2Y7H","name":"Hiring","id":"56903b47301bbf79e2a0b62d"},"list":{"name":"Waiting
        for RPI","id":"56903b5cf8dde35f827c63ae"},"card":{"shortLink":"ulIKW9wQ","idShort":2,"id":"56944d669958a069f205cfeb"}},"type":"deleteCard","date":"2016-01-12T00:53:30.520Z","memberCreator":{"id":"568eb22b4f2a9c123db4f2d3","avatarHash":null,"fullName":"Alpha","initials":"A","username":"achen_pivotal"}},{"id":"56944e86475d2f2147facb1d","idMemberCreator":"568eb22b4f2a9c123db4f2d3","data":{"board":{"shortLink":"kyjx2Y7H","name":"Hiring","id":"56903b47301bbf79e2a0b62d"},"list":{"name":"Waiting
        for RPI","id":"56903b5cf8dde35f827c63ae"},"card":{"shortLink":"nuIKMsNO","idShort":1,"id":"56944d5f89fee5f1825ee0e8"}},"type":"deleteCard","date":"2016-01-12T00:53:26.353Z","memberCreator":{"id":"568eb22b4f2a9c123db4f2d3","avatarHash":null,"fullName":"Alpha","initials":"A","username":"achen_pivotal"}},{"id":"56903bbfffc7fb5fc2eb1a49","idMemberCreator":"568eb22b4f2a9c123db4f2d3","data":{"board":{"shortLink":"kyjx2Y7H","name":"Hiring","id":"56903b47301bbf79e2a0b62d"},"list":{"name":"Offer","id":"56903b6fffc7fb5fc2eb1944","closed":true},"old":{"closed":false}},"type":"updateList","date":"2016-01-08T22:44:15.216Z","memberCreator":{"id":"568eb22b4f2a9c123db4f2d3","avatarHash":null,"fullName":"Alpha","initials":"A","username":"achen_pivotal"}},{"id":"56903ba645b06134b03dc8f7","idMemberCreator":"568eb22b4f2a9c123db4f2d3","data":{"board":{"shortLink":"kyjx2Y7H","name":"Hiring","id":"56903b47301bbf79e2a0b62d"},"list":{"id":"56903b64a1b0273e5061ed36","name":"Waiting
        for Decision"},"old":{"name":"Interview"}},"type":"updateList","date":"2016-01-08T22:43:50.416Z","memberCreator":{"id":"568eb22b4f2a9c123db4f2d3","avatarHash":null,"fullName":"Alpha","initials":"A","username":"achen_pivotal"}},{"id":"56903ba0198dd224561d805f","idMemberCreator":"568eb22b4f2a9c123db4f2d3","data":{"board":{"shortLink":"kyjx2Y7H","name":"Hiring","id":"56903b47301bbf79e2a0b62d"},"list":{"id":"56903b61281e96dd0ae060f2","name":"Waiting
        for Interview"},"old":{"name":"RPI"}},"type":"updateList","date":"2016-01-08T22:43:44.463Z","memberCreator":{"id":"568eb22b4f2a9c123db4f2d3","avatarHash":null,"fullName":"Alpha","initials":"A","username":"achen_pivotal"}},{"id":"56903b9a1e43abf513f207df","idMemberCreator":"568eb22b4f2a9c123db4f2d3","data":{"board":{"shortLink":"kyjx2Y7H","name":"Hiring","id":"56903b47301bbf79e2a0b62d"},"list":{"id":"56903b5cf8dde35f827c63ae","name":"Waiting
        for RPI"},"old":{"name":"RPI scheduled"}},"type":"updateList","date":"2016-01-08T22:43:38.320Z","memberCreator":{"id":"568eb22b4f2a9c123db4f2d3","avatarHash":null,"fullName":"Alpha","initials":"A","username":"achen_pivotal"}},{"id":"56903b8627e0651c0b27c2ab","idMemberCreator":"568eb22b4f2a9c123db4f2d3","data":{"board":{"shortLink":"kyjx2Y7H","name":"Hiring","id":"56903b47301bbf79e2a0b62d"},"list":{"id":"56903b5cf8dde35f827c63ae","name":"RPI
        scheduled"},"old":{"name":"Resume"}},"type":"updateList","date":"2016-01-08T22:43:18.202Z","memberCreator":{"id":"568eb22b4f2a9c123db4f2d3","avatarHash":null,"fullName":"Alpha","initials":"A","username":"achen_pivotal"}},{"id":"56903b76481a9a26b077c319","idMemberCreator":"568eb22b4f2a9c123db4f2d3","data":{"board":{"shortLink":"kyjx2Y7H","name":"Hiring","id":"56903b47301bbf79e2a0b62d"},"list":{"id":"56903b5cf8dde35f827c63ae","name":"Resume"},"old":{"name":"Pre-RPI"}},"type":"updateList","date":"2016-01-08T22:43:02.605Z","memberCreator":{"id":"568eb22b4f2a9c123db4f2d3","avatarHash":null,"fullName":"Alpha","initials":"A","username":"achen_pivotal"}},{"id":"56903b6fffc7fb5fc2eb1945","idMemberCreator":"568eb22b4f2a9c123db4f2d3","data":{"board":{"shortLink":"kyjx2Y7H","name":"Hiring","id":"56903b47301bbf79e2a0b62d"},"list":{"name":"Offer","id":"56903b6fffc7fb5fc2eb1944"}},"type":"createList","date":"2016-01-08T22:42:55.361Z","memberCreator":{"id":"568eb22b4f2a9c123db4f2d3","avatarHash":null,"fullName":"Alpha","initials":"A","username":"achen_pivotal"}},{"id":"56903b64a1b0273e5061ed37","idMemberCreator":"568eb22b4f2a9c123db4f2d3","data":{"board":{"shortLink":"kyjx2Y7H","name":"Hiring","id":"56903b47301bbf79e2a0b62d"},"list":{"name":"Interview","id":"56903b64a1b0273e5061ed36"}},"type":"createList","date":"2016-01-08T22:42:44.241Z","memberCreator":{"id":"568eb22b4f2a9c123db4f2d3","avatarHash":null,"fullName":"Alpha","initials":"A","username":"achen_pivotal"}},{"id":"56903b61281e96dd0ae060f3","idMemberCreator":"568eb22b4f2a9c123db4f2d3","data":{"board":{"shortLink":"kyjx2Y7H","name":"Hiring","id":"56903b47301bbf79e2a0b62d"},"list":{"name":"RPI","id":"56903b61281e96dd0ae060f2"}},"type":"createList","date":"2016-01-08T22:42:41.259Z","memberCreator":{"id":"568eb22b4f2a9c123db4f2d3","avatarHash":null,"fullName":"Alpha","initials":"A","username":"achen_pivotal"}},{"id":"56903b5cf8dde35f827c63af","idMemberCreator":"568eb22b4f2a9c123db4f2d3","data":{"board":{"shortLink":"kyjx2Y7H","name":"Hiring","id":"56903b47301bbf79e2a0b62d"},"list":{"name":"Pre-RPI","id":"56903b5cf8dde35f827c63ae"}},"type":"createList","date":"2016-01-08T22:42:36.471Z","memberCreator":{"id":"568eb22b4f2a9c123db4f2d3","avatarHash":null,"fullName":"Alpha","initials":"A","username":"achen_pivotal"}},{"id":"56903b48301bbf79e2a0b62f","idMemberCreator":"568eb22b4f2a9c123db4f2d3","data":{"board":{"shortLink":"kyjx2Y7H","name":"Hiring","id":"56903b47301bbf79e2a0b62d"}},"type":"createBoard","date":"2016-01-08T22:42:16.006Z","memberCreator":{"id":"568eb22b4f2a9c123db4f2d3","avatarHash":null,"fullName":"Alpha","initials":"A","username":"achen_pivotal"}}]'
    http_version: 
  recorded_at: Wed, 13 Jan 2016 00:15:34 GMT
recorded_with: VCR 3.0.1
